
> ironlog@0.0.0 build
> tsc -b && vite build

vite v8.1.2 building client environment for production...
[2K
transforming...✓ 880 modules transformed.
rendering chunks...
computing gzip size...
dist/index.html                                     1.37 kB │ gzip:   0.65 kB
dist/assets/index-c2JCF40x.css                    198.19 kB │ gzip:  34.21 kB
dist/assets/polishPlural-B9Td2Rfd.js                0.11 kB │ gzip:   0.12 kB
dist/assets/chevron-down-lv1adhZK.js                0.12 kB │ gzip:   0.14 kB
dist/assets/chevron-right-CVrRxuwH.js               0.13 kB │ gzip:   0.14 kB
dist/assets/x-2h-xCvmz.js                           0.15 kB │ gzip:   0.15 kB
dist/assets/search-CEz6wVPr.js                      0.17 kB │ gzip:   0.16 kB
dist/assets/pencil-CPwFxQoo.js                      0.27 kB │ gzip:   0.22 kB
dist/assets/trash-2-BPecbDE7.js                     0.32 kB │ gzip:   0.21 kB
dist/assets/sessionIdentity-Oqffp5mC.js             0.36 kB │ gzip:   0.28 kB
dist/assets/weightUnits-BImXyMPN.js                 0.48 kB │ gzip:   0.27 kB
dist/assets/sessionDuration-DEWe9SCZ.js             0.49 kB │ gzip:   0.29 kB
dist/assets/NotFoundPage-IsYXr0l9.js                0.62 kB │ gzip:   0.38 kB
dist/assets/exerciseLabels-DTpqquWQ.js              0.81 kB │ gzip:   0.51 kB
dist/assets/overloadService-B2AtXYJw.js             0.95 kB │ gzip:   0.51 kB
dist/assets/LogoutPage-DjtFQvgu.js                  1.08 kB │ gzip:   0.65 kB
dist/assets/templateDraftStorage-4hcADZJz.js        1.16 kB │ gzip:   0.52 kB
dist/assets/exerciseDetailService-DTFPSASm.js       1.30 kB │ gzip:   0.59 kB
dist/assets/createLucideIcon-DUr-H9CC.js            1.38 kB │ gzip:   0.77 kB
dist/assets/RegisterPage-DPbeYj0e.js                1.88 kB │ gzip:   0.83 kB
dist/assets/LoginPage-ZT3Bbz9b.js                   2.60 kB │ gzip:   1.15 kB
dist/assets/templateService-CVzZbWrg.js             2.72 kB │ gzip:   1.08 kB
dist/assets/AuthShell-Cvmcrnc-.js                   3.04 kB │ gzip:   1.09 kB
dist/assets/useTemplateWorkoutLaunch-B25Uojub.js    3.09 kB │ gzip:   1.47 kB
dist/assets/useUserExercises-D8u1rLoC.js            3.23 kB │ gzip:   1.28 kB
dist/assets/ExercisePicker-B4wYA_F_.js              3.70 kB │ gzip:   1.56 kB
dist/assets/exercises-qj9SXUdD.js                   3.72 kB │ gzip:   0.89 kB
dist/assets/OnboardingPage-_4VOfBjo.js              3.85 kB │ gzip:   1.49 kB
dist/assets/ProfilePage-BKvMeuQo.js                 4.57 kB │ gzip:   1.75 kB
dist/assets/workoutService-Ctbt3VK4.js              5.22 kB │ gzip:   2.09 kB
dist/assets/ConfirmDialog-BKsATiYg.js               7.11 kB │ gzip:   3.12 kB
dist/assets/TemplatesPage-QP4GlWSB.js               7.86 kB │ gzip:   3.02 kB
dist/assets/ExerciseDetailPage-WicxN0U3.js          8.32 kB │ gzip:   2.90 kB
dist/assets/jsx-runtime-C19k_-DX.js                 8.72 kB │ gzip:   3.33 kB
dist/assets/HistoryPage-C8v68D8h.js                 9.39 kB │ gzip:   3.38 kB
dist/assets/ExercisesPage-DikY-90h.js              13.73 kB │ gzip:   4.70 kB
dist/assets/TemplateEditorPage-DUM7wCIC.js         14.32 kB │ gzip:   4.83 kB
dist/assets/WorkoutDetailPage-D67JBimn.js          15.84 kB │ gzip:   5.16 kB
dist/assets/ChatPage-BA6ddy85.js                   35.28 kB │ gzip:  11.77 kB
dist/assets/DashboardPage-BY3D3EEq.js              36.93 kB │ gzip:  11.09 kB
dist/assets/WorkoutPage-qoHOmfKu.js                53.59 kB │ gzip:  15.38 kB
dist/assets/ProgressPage-CnqvT22p.js              417.72 kB │ gzip: 121.52 kB
dist/assets/firebase-DAMCddRf.js                  432.69 kB │ gzip: 129.68 kB
dist/assets/index-DvQ684Yq.js                     465.53 kB │ gzip: 147.08 kB

✓ built in 271ms
