
> ironlog@0.0.0 test:e2e:csp
> E2E_BACKEND=emulator E2E_CSP=true TEST_EMAIL=e2e@ironlog.local TEST_PASSWORD=ironlog-e2e firebase emulators:exec --only auth,firestore --project demo-ironlog "playwright test tests/e2e/csp.spec.ts --project=desktop --retries=0"

i  emulators: Starting emulators: auth, firestore
i  emulators: Detected demo project ID "demo-ironlog", emulated services will use a demo configuration and attempts to access non-emulated services for this project will fail.
i  firestore: Firestore Emulator logging to firestore-debug.log
✔  firestore: Firestore Emulator was started in standard edition.
✔  firestore: Firestore Emulator UI websocket is running on 9150.
i  Running script: playwright test tests/e2e/csp.spec.ts --project=desktop --retries=0
[WebServer] (node:63831) Warning: The 'NO_COLOR' env is ignored due to the 'FORCE_COLOR' env being set.
[WebServer] (Use `node --trace-warnings ...` to show where the warning was created)
[WebServer] (node:63832) Warning: The 'NO_COLOR' env is ignored due to the 'FORCE_COLOR' env being set.
[WebServer] (Use `node --trace-warnings ...` to show where the warning was created)
[WebServer] (node:63832) Warning: The 'NO_COLOR' env is ignored due to the 'FORCE_COLOR' env being set.
[WebServer] (Use `node --trace-warnings ...` to show where the warning was created)
[WebServer] (node:63858) Warning: The 'NO_COLOR' env is ignored due to the 'FORCE_COLOR' env being set.
[WebServer] (Use `node --trace-warnings ...` to show where the warning was created)
[WebServer] (node:63898) Warning: The 'NO_COLOR' env is ignored due to the 'FORCE_COLOR' env being set.
[WebServer] (Use `node --trace-warnings ...` to show where the warning was created)

Running 4 tests using 1 worker

(node:63908) Warning: The 'NO_COLOR' env is ignored due to the 'FORCE_COLOR' env being set.
(Use `node --trace-warnings ...` to show where the warning was created)
(node:63908) Warning: The 'NO_COLOR' env is ignored due to the 'FORCE_COLOR' env being set.
(Use `node --trace-warnings ...` to show where the warning was created)
  ✓  1 [setup] › tests/e2e/global.setup.ts:29:1 › authenticate (4.5s)
(node:63925) Warning: The 'NO_COLOR' env is ignored due to the 'FORCE_COLOR' env being set.
(Use `node --trace-warnings ...` to show where the warning was created)
(node:63925) Warning: The 'NO_COLOR' env is ignored due to the 'FORCE_COLOR' env being set.
(Use `node --trace-warnings ...` to show where the warning was created)
  ✓  2 [desktop] › tests/e2e/csp.spec.ts:100:1 › production config enforces the minimal CSP contract (53ms)
  ✓  3 [desktop] › tests/e2e/csp.spec.ts:144:3 › public route CSP › login loads under the enforced policy (423ms)
  ✓  4 [desktop] › tests/e2e/csp.spec.ts:156:1 › dashboard loads under the enforced policy (429ms)

  4 passed (12.0s)
✔  Script exited successfully (code 0)
i  emulators: Shutting down emulators.
i  firestore: Stopping Firestore Emulator
i  auth: Stopping Authentication Emulator
i  hub: Stopping emulator hub
i  logging: Stopping Logging Emulator
