i  emulators: Starting emulators: auth, firestore
i  emulators: Detected demo project ID "demo-ironlog", emulated services will use a demo configuration and attempts to access non-emulated services for this project will fail.
i  firestore: Firestore Emulator logging to firestore-debug.log
✔  firestore: Firestore Emulator was started in standard edition.
✔  firestore: Firestore Emulator UI websocket is running on 9150.
i  Running script: npx playwright test tests/e2e/protected-shell.spec.ts tests/e2e/workbench-lists.spec.ts --grep 'keeps an authenticated unknown|keeps workbench routes' --retries=0
[WebServer] (node:63639) Warning: The 'NO_COLOR' env is ignored due to the 'FORCE_COLOR' env being set.
[WebServer] (Use `node --trace-warnings ...` to show where the warning was created)
[WebServer] (node:63640) Warning: The 'NO_COLOR' env is ignored due to the 'FORCE_COLOR' env being set.
[WebServer] (Use `node --trace-warnings ...` to show where the warning was created)
[WebServer] (node:63640) Warning: The 'NO_COLOR' env is ignored due to the 'FORCE_COLOR' env being set.
[WebServer] (Use `node --trace-warnings ...` to show where the warning was created)
[WebServer] (node:63663) Warning: The 'NO_COLOR' env is ignored due to the 'FORCE_COLOR' env being set.
[WebServer] (Use `node --trace-warnings ...` to show where the warning was created)

Running 5 tests using 1 worker

(node:63664) Warning: The 'NO_COLOR' env is ignored due to the 'FORCE_COLOR' env being set.
(Use `node --trace-warnings ...` to show where the warning was created)
(node:63664) Warning: The 'NO_COLOR' env is ignored due to the 'FORCE_COLOR' env being set.
(Use `node --trace-warnings ...` to show where the warning was created)
  ✓  1 [setup] › tests/e2e/global.setup.ts:29:1 › authenticate (3.6s)
(node:63680) Warning: The 'NO_COLOR' env is ignored due to the 'FORCE_COLOR' env being set.
(Use `node --trace-warnings ...` to show where the warning was created)
(node:63680) Warning: The 'NO_COLOR' env is ignored due to the 'FORCE_COLOR' env being set.
(Use `node --trace-warnings ...` to show where the warning was created)
  ✓  2 [desktop] › tests/e2e/protected-shell.spec.ts:26:3 › Protected application shell › keeps an authenticated unknown route inside the app shell (855ms)
  ✓  3 [desktop] › tests/e2e/workbench-lists.spec.ts:46:3 › History and list workbenches › keeps workbench routes bounded without horizontal overflow (1.8s)
(node:63695) Warning: The 'NO_COLOR' env is ignored due to the 'FORCE_COLOR' env being set.
(Use `node --trace-warnings ...` to show where the warning was created)
(node:63695) Warning: The 'NO_COLOR' env is ignored due to the 'FORCE_COLOR' env being set.
(Use `node --trace-warnings ...` to show where the warning was created)
  ✓  4 [mobile] › tests/e2e/protected-shell.spec.ts:26:3 › Protected application shell › keeps an authenticated unknown route inside the app shell (995ms)
  ✓  5 [mobile] › tests/e2e/workbench-lists.spec.ts:46:3 › History and list workbenches › keeps workbench routes bounded without horizontal overflow (2.0s)

  5 passed (12.3s)
✔  Script exited successfully (code 0)
i  emulators: Shutting down emulators.
i  firestore: Stopping Firestore Emulator
i  auth: Stopping Authentication Emulator
i  hub: Stopping emulator hub
i  logging: Stopping Logging Emulator
