i  emulators: Starting emulators: auth, firestore
i  emulators: Detected demo project ID "demo-ironlog", emulated services will use a demo configuration and attempts to access non-emulated services for this project will fail.
i  firestore: Firestore Emulator logging to firestore-debug.log
✔  firestore: Firestore Emulator was started in standard edition.
✔  firestore: Firestore Emulator UI websocket is running on 9150.
i  Running script: npx playwright test tests/e2e/templates.visual.spec.ts --update-snapshots
[WebServer] (node:61034) Warning: The 'NO_COLOR' env is ignored due to the 'FORCE_COLOR' env being set.
[WebServer] (Use `node --trace-warnings ...` to show where the warning was created)
[WebServer] (node:61035) Warning: The 'NO_COLOR' env is ignored due to the 'FORCE_COLOR' env being set.
[WebServer] (Use `node --trace-warnings ...` to show where the warning was created)
[WebServer] (node:61035) Warning: The 'NO_COLOR' env is ignored due to the 'FORCE_COLOR' env being set.
[WebServer] (Use `node --trace-warnings ...` to show where the warning was created)
[WebServer] (node:61058) Warning: The 'NO_COLOR' env is ignored due to the 'FORCE_COLOR' env being set.
[WebServer] (Use `node --trace-warnings ...` to show where the warning was created)

Running 5 tests using 1 worker

(node:61060) Warning: The 'NO_COLOR' env is ignored due to the 'FORCE_COLOR' env being set.
(Use `node --trace-warnings ...` to show where the warning was created)
(node:61060) Warning: The 'NO_COLOR' env is ignored due to the 'FORCE_COLOR' env being set.
(Use `node --trace-warnings ...` to show where the warning was created)
  ✓  1 [setup] › tests/e2e/global.setup.ts:29:1 › authenticate (4.4s)
(node:61067) Warning: The 'NO_COLOR' env is ignored due to the 'FORCE_COLOR' env being set.
(Use `node --trace-warnings ...` to show where the warning was created)
(node:61067) Warning: The 'NO_COLOR' env is ignored due to the 'FORCE_COLOR' env being set.
(Use `node --trace-warnings ...` to show where the warning was created)
[WebServer] 12:47:15 PM [vite] (client) [console.warn] You have Reduced Motion enabled on your device. Animations may not appear as expected.. For more information and steps for solving, visit https://motion.dev/troubleshooting/reduced-motion-disabled
  ✓  2 [desktop] › tests/e2e/templates.visual.spec.ts:4:1 › empty templates page (1.1s)
[WebServer] 12:47:16 PM [vite] (client) [console.warn] You have Reduced Motion enabled on your device. Animations may not appear as expected.. For more information and steps for solving, visit https://motion.dev/troubleshooting/reduced-motion-disabled
/Users/patryk/Desktop/IronLog/tests/e2e/templates.visual.spec.ts-snapshots/template-editor-empty-desktop-darwin.png is re-generated, writing actual.
  ✓  3 [desktop] › tests/e2e/templates.visual.spec.ts:47:1 › new template editor empty state (1.5s)
(node:61084) Warning: The 'NO_COLOR' env is ignored due to the 'FORCE_COLOR' env being set.
(Use `node --trace-warnings ...` to show where the warning was created)
(node:61084) Warning: The 'NO_COLOR' env is ignored due to the 'FORCE_COLOR' env being set.
(Use `node --trace-warnings ...` to show where the warning was created)
[WebServer] 12:47:18 PM [vite] (client) [console.warn] You have Reduced Motion enabled on your device. Animations may not appear as expected.. For more information and steps for solving, visit https://motion.dev/troubleshooting/reduced-motion-disabled
  ✓  4 [mobile] › tests/e2e/templates.visual.spec.ts:4:1 › empty templates page (1.1s)
[WebServer] 12:47:19 PM [vite] (client) [console.warn] You have Reduced Motion enabled on your device. Animations may not appear as expected.. For more information and steps for solving, visit https://motion.dev/troubleshooting/reduced-motion-disabled
/Users/patryk/Desktop/IronLog/tests/e2e/templates.visual.spec.ts-snapshots/template-editor-empty-mobile-darwin.png is re-generated, writing actual.
  ✓  5 [mobile] › tests/e2e/templates.visual.spec.ts:47:1 › new template editor empty state (1.3s)

  5 passed (11.9s)
✔  Script exited successfully (code 0)
i  emulators: Shutting down emulators.
i  firestore: Stopping Firestore Emulator
i  auth: Stopping Authentication Emulator
i  hub: Stopping emulator hub
i  logging: Stopping Logging Emulator
